include bors/object/sqlite.php
include classes/access/base.php
include classes/auto/object/php.php
include classes/body/php.php
include classes/bors/base/empty.php
include classes/bors/base/null.php
include classes/bors/base/object/db.php
include classes/bors/base/object.php
include classes/bors/base/page.html
include classes/bors/base/page/paged.html
include classes/bors/base/page/paged.php
include classes/bors/base/page.php
include classes/bors/bodies/page.php
include classes/bors/cache/base.php
include classes/bors/client.php
include classes/bors/data/meta.php
include classes/bors/data/yaml.php
include classes/bors/debug.php
include classes/bors/global.php
include classes/bors/lcml
include classes/bors/lib/exception.php
include classes/bors/lib/orm.php
include classes/bors/lib/php.php
include classes/bors/log/stub.php
include classes/bors/module.php
include classes/bors/object.php
include classes/bors/object/sqlite.php
include classes/bors/objects/loaders/meta.php
include classes/bors/objects/loaders/yaml.php
include classes/bors/page/fs/bbh.php
include classes/bors/page/fs/html.php
include classes/bors/page/fs/htsu.php
include classes/bors/page/fs/markdown.php
include classes/bors/page.php
include classes/bors/paginated.php
include classes/bors/renderers/page.php
include classes/bors/server.php
include classes/bors/storage/fs/bbh.php
include classes/bors/storage/fs/html.php
include classes/bors/storage/fs/markdown.php
include classes/bors/storage/htsu.php
include classes/bors/storage/pdo.php
include classes/bors/storage.php
include classes/bors/storage/sqlite.php
include classes/bors/template.php
include classes/bors/templates/abstract.php
include classes/bors/templates.php
include classes/bors/templates/smarty2.php
include classes/bors/templates/smarty.php
include classes/bors/templates/smarty-register.php
include classes/bors/time/ts.php
include classes/Cache.php
include classes/driver/pdo.php
include classes/driver/pdo/sqlite.php
include classes/inc/BorsMemCache.php
include classes/lcml
include classes/module/nav/top.php
include classes/module/nav/top.tpl.php
include classes/render/page.php
include classes/url/base.php
include classes/url/calling2.php
include config.php
include data/fs/_bors
include engines/bors/generated.php
include engines/bors/messages.html
include engines/bors/messages.php
include engines/bors/names.php
include engines/bors/object_loader.php
include engines/bors/objects_array.php
include engines/bors/object_show.php
include engines/bors.php
include engines/bors/users.php
include engines/bors/vhosts_loader.php
include engines/lcml
include engines/search.php
include engines/smarty/assign.php
include engines/smarty/bors_smarty_common.php
include engines/smarty/global.php
include engines/smarty/plugins
include engines/smarty/smarty-register.php
include engines/smarty/smarty-resource-bors.php
include engines/smarty/smarty-resource-file.php
include inc/bors/cross.php
include inc/bors/lists.php
include inc/bors/modules.php
include inc/clients.php
include inc/datetime.php
include inc/debug.php
include inc/filesystem.php
include inc/global-data.php
include inc/locales.php
include inc/mysql.php
include inc/navigation.php
include inc/strings.php
include inc/system.php
include inc/texts.php
include inc/translit.php
include inc/urls.php
include init.php
include shared/css/bors
include templates/default/index.html
include templates/default/popup.html
include url_map.php
