include init.php
include inc/debug.php
include inc/texts.php
include inc/strings.php
include classes/inc/BorsMemCache.php
include inc/global-data.php
include inc/locales.php
include config.php
include inc/system.php
include inc/datetime.php
include inc/clients.php
include engines/bors.php
include engines/bors/names.php
include engines/bors/messages.php
include engines/bors/objects_array.php
include inc/mysql.php
include engines/bors/object_loader.php
include inc/bors/cross.php
include engines/smarty/global.php
include engines/bors/vhosts_loader.php
include inc/filesystem.php
include engines/bors/generated.php
include classes/bors/log/stub.php
include classes/bors/base/empty.php
include classes/bors/base/null.php
include classes/bors/time/ts.php
include classes/bors/object.php
include classes/bors/base/object.php
include inc/navigation.php
include engines/bors/users.php
include inc/urls.php
include inc/translit.php
include engines/bors/object_show.php
include classes/Cache.php
include classes/bors/cache/base.php
include classes/bors/lib/php.php
include classes/bors/server.php
include classes/bors/global.php
include classes/bors/objects/loaders/meta.php
include classes/bors/client.php
include classes/bors/debug.php
include url_map.php
include classes/bors/objects/loaders/yaml.php
include classes/bors/data/yaml.php
include classes/bors/data/meta.php
include classes/bors/page/fs/htsu.php
include classes/bors/page.php
include classes/bors/base/page.php
include engines/lcml
include classes/bors/storage/htsu.php
include classes/bors/storage.php
include classes/url/calling2.php
include classes/url/base.php
include classes/access/base.php
include data/fs/doc







